
===========================================================================
 report_power
============================================================================
======================= nom_tt_025C_1v80 Corner ===================================

Group                    Internal    Switching      Leakage        Total
                            Power        Power        Power        Power (Watts)
------------------------------------------------------------------------
Sequential           0.000000e+00 0.000000e+00 0.000000e+00 0.000000e+00   0.0%
Combinational        7.990911e-07 1.182071e-06 1.293757e-11 1.981175e-06 100.0%
Clock                0.000000e+00 0.000000e+00 8.424099e-11 8.424099e-11   0.0%
Macro                0.000000e+00 0.000000e+00 0.000000e+00 0.000000e+00   0.0%
Pad                  0.000000e+00 0.000000e+00 0.000000e+00 0.000000e+00   0.0%
------------------------------------------------------------------------
Total                7.990911e-07 1.182071e-06 9.717857e-11 1.981259e-06 100.0%
                            40.3%        59.7%         0.0%
Writing metric power__internal__total: 7.990911399247125e-7
Writing metric power__switching__total: 1.1820707186416257e-6
Writing metric power__leakage__total: 9.717857074598157e-11
Writing metric power__total: 1.9812589471257525e-6

