
===========================================================================
 report_power
============================================================================
======================= min_ff_n40C_1v95 Corner ===================================

Group                    Internal    Switching      Leakage        Total
                            Power        Power        Power        Power (Watts)
------------------------------------------------------------------------
Sequential           0.000000e+00 0.000000e+00 0.000000e+00 0.000000e+00   0.0%
Combinational        9.059625e-07 1.356321e-06 3.801424e-11 2.262321e-06 100.0%
Clock                0.000000e+00 0.000000e+00 1.521000e-10 1.521000e-10   0.0%
Macro                0.000000e+00 0.000000e+00 0.000000e+00 0.000000e+00   0.0%
Pad                  0.000000e+00 0.000000e+00 0.000000e+00 0.000000e+00   0.0%
------------------------------------------------------------------------
Total                9.059625e-07 1.356321e-06 1.901142e-10 2.262474e-06 100.0%
                            40.0%        59.9%         0.0%

