
===========================================================================
report_checks -unconstrained
===========================================================================
======================= min_tt_025C_1v80 Corner ===================================

Startpoint: en (input port clocked by __VIRTUAL_CLK__)
Endpoint: out (output port clocked by __VIRTUAL_CLK__)
Path Group: __VIRTUAL_CLK__
Path Type: max

Fanout         Cap        Slew       Delay        Time   Description
---------------------------------------------------------------------------------------------
                      0.000000    0.000000    0.000000   clock __VIRTUAL_CLK__ (rise edge)
                                  0.000000    0.000000   clock network delay (ideal)
                                  2.000000    2.000000 ^ input external delay
     1    0.005227    0.030285    0.018577    2.018577 ^ en (in)
                                                         en (net)
                      0.030285    0.000000    2.018577 ^ input1/A (sky130_fd_sc_hd__clkbuf_1)
     1    0.005564    0.074691    0.097556    2.116133 ^ input1/X (sky130_fd_sc_hd__clkbuf_1)
                                                         net1 (net)
                      0.074691    0.000062    2.116195 ^ _1_/A (sky130_fd_sc_hd__inv_2)
     1    0.010067    0.033262    0.048663    2.164857 v _1_/Y (sky130_fd_sc_hd__inv_2)
                                                         _0_ (net)
                      0.033262    0.000104    2.164961 v _2_/TE_B (sky130_fd_sc_hd__ebufn_8)
     1    0.048696    0.196007    0.190786    2.355747 ^ _2_/Z (sky130_fd_sc_hd__ebufn_8)
                                                         out (net)
                      0.196013    0.001193    2.356941 ^ out (out)
                                              2.356941   data arrival time

                      0.000000   10.000000   10.000000   clock __VIRTUAL_CLK__ (rise edge)
                                  0.000000   10.000000   clock network delay (ideal)
                                 -0.250000    9.750000   clock uncertainty
                                  0.000000    9.750000   clock reconvergence pessimism
                                 -2.000000    7.750000   output external delay
                                              7.750000   data required time
---------------------------------------------------------------------------------------------
                                              7.750000   data required time
                                             -2.356941   data arrival time
---------------------------------------------------------------------------------------------
                                              5.393059   slack (MET)




===========================================================================
report_checks --slack_max -0.01
============================================================================
======================= min_tt_025C_1v80 Corner ===================================

No paths found.


===========================================================================
 report_check_types -max_slew -max_cap -max_fanout -violators
============================================================================
======================= min_tt_025C_1v80 Corner ===================================



===========================================================================
report_parasitic_annotation -report_unannotated
============================================================================
Found 0 unannotated drivers.
Found 0 partially unannotated drivers.

===========================================================================
max slew violation count 0
max fanout violation count 0
max cap violation count 0
============================================================================

===========================================================================
check_setup -verbose -unconstrained_endpoints -multiple_clock -no_clock -no_input_delay -loops -generated_clocks
===========================================================================
