
===========================================================================
report_checks -path_delay min (Hold)
============================================================================
======================= nom_tt_025C_1v80 Corner ===================================

Startpoint: en (input port clocked by __VIRTUAL_CLK__)
Endpoint: out (output port clocked by __VIRTUAL_CLK__)
Path Group: __VIRTUAL_CLK__
Path Type: min

Fanout         Cap        Slew       Delay        Time   Description
---------------------------------------------------------------------------------------------
                      0.000000    0.000000    0.000000   clock __VIRTUAL_CLK__ (rise edge)
                                  0.000000    0.000000   clock network delay (ideal)
                                  2.000000    2.000000 v input external delay
     1    0.004762    0.013104    0.007704    2.007704 v en (in)
                                                         en (net)
                      0.013109    0.000000    2.007704 v input1/A (sky130_fd_sc_hd__clkbuf_1)
     1    0.004820    0.038090    0.083567    2.091271 v input1/X (sky130_fd_sc_hd__clkbuf_1)
                                                         net1 (net)
                      0.038090    0.000012    2.091283 v _1_/A (sky130_fd_sc_hd__inv_2)
     1    0.012019    0.060262    0.066972    2.158255 ^ _1_/Y (sky130_fd_sc_hd__inv_2)
                                                         _0_ (net)
                      0.060262    0.000026    2.158281 ^ _2_/TE_B (sky130_fd_sc_hd__ebufn_8)
     1    0.048167    0.000000    0.052687    2.210968 v _2_/Z (sky130_fd_sc_hd__ebufn_8)
                                                         out (net)
                      0.000000    0.000747    2.211715 v out (out)
                                              2.211715   data arrival time

                      0.000000    0.000000    0.000000   clock __VIRTUAL_CLK__ (rise edge)
                                  0.000000    0.000000   clock network delay (ideal)
                                  0.250000    0.250000   clock uncertainty
                                  0.000000    0.250000   clock reconvergence pessimism
                                 -2.000000   -1.750000   output external delay
                                             -1.750000   data required time
---------------------------------------------------------------------------------------------
                                             -1.750000   data required time
                                             -2.211715   data arrival time
---------------------------------------------------------------------------------------------
                                              3.961715   slack (MET)



