┏━━━━━━━━━━━━━━━━━━━━━━┳━━━━━━━━━━┳━━━━━━━━━━┳━━━━━━━━━━┳━━━━━━━━━━┳━━━━━━━━━━━┳━━━━━━━━━━┳━━━━━━━━━━━┳━━━━━━━━━━┳━━━━━━━━━━━┳━━━━━━━━━━┳━━━━━━━━━━━┳━━━━━━━━━━┓
┃                      ┃ Hold     ┃ Reg to   ┃          ┃          ┃ of which  ┃ Setup    ┃           ┃          ┃           ┃ of which ┃           ┃          ┃
┃                      ┃ Worst    ┃ Reg      ┃          ┃ Hold Vio ┃ reg to    ┃ Worst    ┃ Reg to    ┃ Setup    ┃ Setup Vio ┃ reg to   ┃ Max Cap   ┃ Max Slew ┃
┃ Corner/Group         ┃ Slack    ┃ Paths    ┃ Hold TNS ┃ Count    ┃ reg       ┃ Slack    ┃ Reg Paths ┃ TNS      ┃ Count     ┃ reg      ┃ Violatio… ┃ Violati… ┃
┡━━━━━━━━━━━━━━━━━━━━━━╇━━━━━━━━━━╇━━━━━━━━━━╇━━━━━━━━━━╇━━━━━━━━━━╇━━━━━━━━━━━╇━━━━━━━━━━╇━━━━━━━━━━━╇━━━━━━━━━━╇━━━━━━━━━━━╇━━━━━━━━━━╇━━━━━━━━━━━╇━━━━━━━━━━┩
│ Overall              │ 3.8985   │ N/A      │ 0.0000   │ 0        │ 0         │ 5.1085   │ N/A       │ 0.0000   │ 0         │ 0        │ 0         │ 0        │
│ nom_tt_025C_1v80     │ 3.9679   │ N/A      │ 0.0000   │ 0        │ 0         │ 5.3890   │ N/A       │ 0.0000   │ 0         │ 0        │ 0         │ 0        │
│ nom_ss_100C_1v60     │ 4.1316   │ N/A      │ 0.0000   │ 0        │ 0         │ 5.1111   │ N/A       │ 0.0000   │ 0         │ 0        │ 0         │ 0        │
│ nom_ff_n40C_1v95     │ 3.9004   │ N/A      │ 0.0000   │ 0        │ 0         │ 5.4992   │ N/A       │ 0.0000   │ 0         │ 0        │ 0         │ 0        │
│ min_tt_025C_1v80     │ 3.9655   │ N/A      │ 0.0000   │ 0        │ 0         │ 5.3931   │ N/A       │ 0.0000   │ 0         │ 0        │ 0         │ 0        │
│ min_ss_100C_1v60     │ 4.1280   │ N/A      │ 0.0000   │ 0        │ 0         │ 5.1168   │ N/A       │ 0.0000   │ 0         │ 0        │ 0         │ 0        │
│ min_ff_n40C_1v95     │ 3.8985   │ N/A      │ 0.0000   │ 0        │ 0         │ 5.5020   │ N/A       │ 0.0000   │ 0         │ 0        │ 0         │ 0        │
│ max_tt_025C_1v80     │ 3.9700   │ N/A      │ 0.0000   │ 0        │ 0         │ 5.3867   │ N/A       │ 0.0000   │ 0         │ 0        │ 0         │ 0        │
│ max_ss_100C_1v60     │ 4.1340   │ N/A      │ 0.0000   │ 0        │ 0         │ 5.1085   │ N/A       │ 0.0000   │ 0         │ 0        │ 0         │ 0        │
│ max_ff_n40C_1v95     │ 3.9024   │ N/A      │ 0.0000   │ 0        │ 0         │ 5.4972   │ N/A       │ 0.0000   │ 0         │ 0        │ 0         │ 0        │
└──────────────────────┴──────────┴──────────┴──────────┴──────────┴───────────┴──────────┴───────────┴──────────┴───────────┴──────────┴───────────┴──────────┘
