
===========================================================================
 report_power
============================================================================
======================= max_ss_100C_1v60 Corner ===================================

Group                    Internal    Switching      Leakage        Total
                            Power        Power        Power        Power (Watts)
------------------------------------------------------------------------
Sequential           0.000000e+00 0.000000e+00 0.000000e+00 0.000000e+00   0.0%
Combinational        6.488900e-07 9.279615e-07 2.280142e-08 1.599653e-06 100.0%
Clock                0.000000e+00 0.000000e+00 1.232473e-10 1.232473e-10   0.0%
Macro                0.000000e+00 0.000000e+00 0.000000e+00 0.000000e+00   0.0%
Pad                  0.000000e+00 0.000000e+00 0.000000e+00 0.000000e+00   0.0%
------------------------------------------------------------------------
Total                6.488900e-07 9.279615e-07 2.292467e-08 1.599776e-06 100.0%
                            40.6%        58.0%         1.4%

