
===========================================================================
 report_power
============================================================================
======================= nom_ss_100C_1v60 Corner ===================================

Group                    Internal    Switching      Leakage        Total
                            Power        Power        Power        Power (Watts)
------------------------------------------------------------------------
Sequential           0.000000e+00 0.000000e+00 0.000000e+00 0.000000e+00   0.0%
Combinational        6.488995e-07 9.225318e-07 2.280142e-08 1.594233e-06 100.0%
Clock                0.000000e+00 0.000000e+00 1.232473e-10 1.232473e-10   0.0%
Macro                0.000000e+00 0.000000e+00 0.000000e+00 0.000000e+00   0.0%
Pad                  0.000000e+00 0.000000e+00 0.000000e+00 0.000000e+00   0.0%
------------------------------------------------------------------------
Total                6.488995e-07 9.225318e-07 2.292467e-08 1.594356e-06 100.0%
                            40.7%        57.9%         1.4%

